WAREHOUSE EVENT LOG - STOCK RECONCILIATION EXERCISE
Opening stock is given by the INITIAL lines below; each EVENT line is
<seq> <OP> <arguments...> and events are processed in file order.
INITIAL A-01 NX-4471 120
INITIAL A-02 NX-4471 75
INITIAL B-07 NX-4471 0
INITIAL C-03 NX-4472 40
INITIAL B-07 NX-4472 18
INITIAL A-02 NX-4473 9

1000 RECEIVE C-03 NX-4473 6
1001 TRANSFER B-07 C-03 NX-4471 16
1004 PICK A-02 NX-4471 9
1006 RECEIVE A-02 NX-4473 19
1007 RECEIVE A-02 NX-4471 26
1008 RECEIVE A-02 NX-4471 20
1009 RECEIVE A-01 NX-4471 23
1010 PICK A-02 NX-4471 21
1011 RECEIVE C-03 NX-4472 37
1013 RECEIVE A-02 NX-4471 5
1016 PICK B-07 NX-4472 9
1017 RECEIVE C-03 NX-4471 45
1020 RECEIVE C-03 NX-4472 12
1021 PICK C-03 NX-4471 13
1022 RECEIVE B-07 NX-4472 15
1025 RECEIVE A-01 NX-4471 23
1026 PICK C-03 NX-4471 40
1028 RECEIVE A-02 NX-4471 53
1031 PICK A-02 NX-4471 7
1033 PICK A-01 NX-4472 32
1034 PICK A-02 NX-4471 10
1035 PICK B-07 NX-4473 43
1036 RECEIVE A-02 NX-4472 21
1037 PICK A-01 NX-4471 25
1040 RECOUNT A-02 NX-4471 58
1042 PICK C-03 NX-4472 35
1044 RECOUNT A-02 NX-4472 121
1047 RECEIVE A-02 NX-4472 13
1048 RECEIVE B-07 NX-4471 42
1049 RECEIVE B-07 NX-4471 20
1051 RECEIVE A-02 NX-4472 48
1052 PICK C-03 NX-4471 17
1055 PICK B-07 NX-4471 30
1056 RECEIVE A-02 NX-4472 22
1059 RECEIVE A-01 NX-4471 36
1060 PICK B-07 NX-4472 28
1061 PICK A-02 NX-4472 17
1063 PICK B-07 NX-4471 21
1065 PICK A-01 NX-4471 11
1068 RECEIVE B-07 NX-4472 21
1070 RECEIVE A-02 NX-4471 22
1071 RECEIVE A-02 NX-4471 24
1072 PICK A-01 NX-4471 38
1074 RECEIVE C-03 NX-4471 21
1075 TRANSFER B-07 A-01 NX-4472 12
1076 RECEIVE A-02 NX-4472 17
1077 TRANSFER C-03 A-02 NX-4471 23
1079 RECEIVE A-01 NX-4471 7
1081 PICK C-03 NX-4472 28
1082 PICK B-07 NX-4471 9
1084 PICK C-03 NX-4472 9
1085 RECEIVE C-03 NX-4471 44
1087 RECEIVE A-02 NX-4471 50
1088 RECEIVE A-02 NX-4471 31
1090 RECEIVE B-07 NX-4471 16
1093 PICK B-07 NX-4473 15
1096 PICK A-01 NX-4472 27
1098 RECEIVE A-01 NX-4473 14
1100 PICK A-01 NX-4473 12
1101 PICK A-02 NX-4471 43
1102 PICK B-07 NX-4471 16
1103 PICK A-02 NX-4471 39
1105 RECEIVE B-07 NX-4471 42
1107 RECOUNT A-02 NX-4471 28
1108 PICK A-02 NX-4471 22
1110 RECEIVE B-07 NX-4471 52
1111 TRANSFER A-01 A-02 NX-4471 5
1114 PICK B-07 NX-4472 4
1116 PICK A-01 NX-4471 44
1118 PICK A-02 NX-4471 12
1119 RECEIVE A-01 NX-4473 44
1120 TRANSFER B-07 C-03 NX-4471 17
1122 RECEIVE A-02 NX-4472 35
1125 PICK B-07 NX-4471 26
1126 RECEIVE A-02 NX-4471 33
1127 RECEIVE A-02 NX-4471 42
1128 RECEIVE C-03 NX-4472 55
1129 RECEIVE A-02 NX-4471 12
1130 RECEIVE A-01 NX-4471 10
1131 PICK A-02 NX-4472 26
1132 RECEIVE C-03 NX-4472 58
1133 PICK A-01 NX-4471 8
1134 TRANSFER C-03 B-07 NX-4472 14
1135 PICK C-03 NX-4471 22
1136 TRANSFER C-03 B-07 NX-4471 15
1138 TRANSFER A-01 B-07 NX-4473 2
1139 RECEIVE C-03 NX-4473 32
1140 RECEIVE B-07 NX-4472 9
1143 PICK B-07 NX-4471 10
1146 PICK A-02 NX-4471 20
1149 RECEIVE A-02 NX-4471 8
1150 PICK C-03 NX-4472 7
1151 PICK A-02 NX-4471 37
1154 RECEIVE A-01 NX-4471 51
1155 RECEIVE C-03 NX-4473 11
1158 TRANSFER A-02 C-03 NX-4473 11
1160 RECEIVE C-03 NX-4472 34
1161 PICK C-03 NX-4473 4
1162 PICK A-02 NX-4471 30
1165 RECEIVE A-01 NX-4471 13
1168 PICK B-07 NX-4472 9
1171 PICK A-02 NX-4473 29
1172 TRANSFER B-07 C-03 NX-4471 19
1173 PICK A-02 NX-4472 12
1174 PICK A-01 NX-4471 38
1176 TRANSFER B-07 A-02 NX-4473 7
1177 PICK A-01 NX-4471 23
1178 RECEIVE A-01 NX-4471 54
1179 PICK A-01 NX-4471 30
1180 PICK A-02 NX-4471 31
1182 RECEIVE A-01 NX-4473 43
1183 PICK A-02 NX-4471 27
1184 RECEIVE A-02 NX-4471 18
1185 PICK B-07 NX-4471 7
1188 PICK B-07 NX-4473 17
1190 RECEIVE C-03 NX-4472 20
1191 RECEIVE B-07 NX-4471 9
1192 RECEIVE A-02 NX-4471 11
1193 PICK A-02 NX-4471 36
1194 TRANSFER C-03 A-01 NX-4471 19
1197 RECEIVE A-02 NX-4473 36
1199 RECEIVE A-01 NX-4472 31
1200 RECEIVE B-07 NX-4471 27
1203 RECEIVE A-01 NX-4471 54
1204 PICK B-07 NX-4473 6
1207 PICK A-01 NX-4471 7
1209 RECEIVE A-01 NX-4473 56
1211 RECEIVE C-03 NX-4473 36
1213 TRANSFER B-07 A-01 NX-4471 24
1215 PICK B-07 NX-4473 18
1217 TRANSFER C-03 A-02 NX-4471 3
1218 PICK A-01 NX-4471 4
1219 PICK A-01 NX-4471 44
1220 RECEIVE A-02 NX-4471 39
1221 RECEIVE A-01 NX-4471 31
1223 PICK A-01 NX-4471 18
1225 RECEIVE A-01 NX-4471 19
1227 RECEIVE C-03 NX-4473 29
1228 RECEIVE C-03 NX-4472 7
1229 TRANSFER C-03 B-07 NX-4472 15
1231 PICK B-07 NX-4472 18
1232 RECOUNT C-03 NX-4473 122
1234 RECEIVE B-07 NX-4471 27
1237 RECEIVE C-03 NX-4471 41
1240 RECOUNT B-07 NX-4473 56
1243 PICK B-07 NX-4471 19
1246 TRANSFER B-07 A-02 NX-4471 2
1247 TRANSFER B-07 C-03 NX-4471 16
1248 RECEIVE A-02 NX-4473 49
1251 RECEIVE A-02 NX-4473 5
1252 PICK A-01 NX-4471 33
1255 PICK A-01 NX-4471 13
1256 RECEIVE C-03 NX-4471 24
1257 RECOUNT C-03 NX-4471 65
1258 RECEIVE A-01 NX-4472 46
1259 PICK A-02 NX-4473 3
1260 RECEIVE A-02 NX-4471 56
1263 PICK B-07 NX-4472 32
1264 PICK B-07 NX-4473 24
1265 RECEIVE B-07 NX-4471 9
1267 TRANSFER C-03 A-02 NX-4471 23
1268 RECEIVE A-02 NX-4471 27
1271 PICK A-02 NX-4473 22
1274 RECEIVE A-01 NX-4472 55
1275 TRANSFER A-01 C-03 NX-4471 18
1276 TRANSFER A-01 A-02 NX-4471 8
1277 PICK C-03 NX-4472 42
1280 RECEIVE B-07 NX-4472 23
1283 TRANSFER B-07 C-03 NX-4472 19
1286 TRANSFER C-03 B-07 NX-4472 18
1287 RECEIVE A-02 NX-4472 32
1288 PICK A-01 NX-4471 21
1289 PICK B-07 NX-4471 7
1290 RECEIVE A-02 NX-4471 15
1293 RECOUNT B-07 NX-4471 74
1294 RECEIVE B-07 NX-4471 44
1295 RECEIVE A-01 NX-4471 16
1298 PICK A-02 NX-4472 8
1299 RECEIVE A-02 NX-4471 57
1300 RECEIVE A-01 NX-4471 28
1301 RECEIVE A-01 NX-4471 43
1302 PICK C-03 NX-4472 4
1303 PICK A-02 NX-4471 5
1306 PICK A-02 NX-4471 17
1307 RECOUNT A-01 NX-4471 52
1308 RECEIVE B-07 NX-4471 25
1309 RECOUNT A-02 NX-4471 56
1310 PICK B-07 NX-4471 39
1313 RECEIVE A-01 NX-4471 22
1314 RECEIVE A-01 NX-4471 44
1316 PICK B-07 NX-4471 33
1317 PICK B-07 NX-4471 19
1318 PICK A-01 NX-4473 44
1320 TRANSFER A-02 B-07 NX-4471 22
1323 PICK A-01 NX-4471 27
1324 PICK A-01 NX-4471 8
1327 RECEIVE C-03 NX-4472 49
1328 PICK A-01 NX-4472 33
1329 RECEIVE B-07 NX-4472 26
1330 RECEIVE B-07 NX-4471 14
1331 PICK C-03 NX-4472 3
1334 PICK A-01 NX-4471 6
1335 PICK C-03 NX-4471 10
1336 PICK A-02 NX-4472 10
1337 RECEIVE C-03 NX-4471 42
1338 PICK B-07 NX-4472 7
1339 RECEIVE B-07 NX-4472 28
1342 RECEIVE A-02 NX-4471 31
1345 RECEIVE A-01 NX-4471 38
1346 PICK A-02 NX-4471 28
1347 RECEIVE A-02 NX-4472 23
1349 RECEIVE A-01 NX-4471 38
1351 TRANSFER A-02 C-03 NX-4471 20
1352 PICK A-01 NX-4471 27
1353 PICK B-07 NX-4471 31
1355 RECEIVE C-03 NX-4472 50
1356 RECOUNT B-07 NX-4473 33
1357 RECEIVE A-01 NX-4472 46
1358 PICK A-01 NX-4471 37
1360 RECEIVE B-07 NX-4473 49
1361 RECEIVE A-02 NX-4472 34
1362 PICK B-07 NX-4471 44
1364 RECEIVE A-02 NX-4471 57
1367 RECEIVE B-07 NX-4471 53
1368 RECOUNT B-07 NX-4471 100
1369 PICK B-07 NX-4472 32
1370 TRANSFER B-07 C-03 NX-4471 5
1371 RECEIVE A-02 NX-4471 47
1372 RECEIVE A-02 NX-4471 51
1375 RECEIVE A-01 NX-4471 49
1378 RECEIVE B-07 NX-4471 28
1379 RECEIVE B-07 NX-4471 33
1380 TRANSFER A-02 B-07 NX-4473 23
1381 RECEIVE A-02 NX-4471 30
1383 RECEIVE A-01 NX-4471 36
1384 RECEIVE C-03 NX-4472 40
1386 RECEIVE A-01 NX-4473 37
1387 RECEIVE A-01 NX-4471 54
1388 RECEIVE C-03 NX-4472 11
1390 RECEIVE A-01 NX-4471 52
1391 PICK B-07 NX-4471 18
1392 RECEIVE B-07 NX-4473 15
1394 RECEIVE C-03 NX-4471 26
1395 RECEIVE A-02 NX-4472 46
1397 RECEIVE A-01 NX-4473 46
1398 TRANSFER C-03 B-07 NX-4472 22
1399 PICK B-07 NX-4471 18
1402 RECEIVE A-02 NX-4471 7
1405 PICK A-02 NX-4471 25
1407 TRANSFER B-07 A-01 NX-4473 8
1408 TRANSFER C-03 A-01 NX-4471 5
1409 PICK C-03 NX-4473 17
1410 RECEIVE B-07 NX-4471 26
1411 RECEIVE B-07 NX-4471 26
1412 RECEIVE B-07 NX-4471 44
1413 PICK A-01 NX-4473 34
1416 TRANSFER A-01 B-07 NX-4471 16
1417 PICK C-03 NX-4473 27
1420 PICK B-07 NX-4471 24
1421 PICK A-02 NX-4472 22
1422 TRANSFER B-07 C-03 NX-4473 21
1423 RECEIVE A-02 NX-4471 45
1426 PICK A-02 NX-4472 19
1427 RECEIVE A-01 NX-4472 48
1428 PICK B-07 NX-4473 32
1429 RECEIVE B-07 NX-4471 34
1430 PICK B-07 NX-4473 11
1432 PICK A-01 NX-4471 15
1435 PICK A-01 NX-4472 12
1437 RECEIVE A-01 NX-4471 55
1440 RECEIVE C-03 NX-4472 22
1442 PICK A-02 NX-4471 12
1443 RECEIVE A-02 NX-4473 54
1446 TRANSFER C-03 B-07 NX-4472 3
1448 RECEIVE A-02 NX-4473 8
1449 RECEIVE B-07 NX-4471 29
1452 PICK C-03 NX-4472 28
1453 RECEIVE A-02 NX-4472 24
1454 RECEIVE A-02 NX-4473 22
1455 RECEIVE B-07 NX-4471 32
1458 RECEIVE C-03 NX-4473 55
1461 PICK B-07 NX-4471 20
1462 RECEIVE A-02 NX-4471 9
1463 PICK B-07 NX-4471 44
1464 PICK A-01 NX-4471 10
1465 PICK B-07 NX-4471 6
1466 RECEIVE B-07 NX-4472 35
1469 RECEIVE A-02 NX-4471 18
1470 RECEIVE A-01 NX-4471 59
1472 RECEIVE B-07 NX-4471 51
1473 PICK B-07 NX-4471 26
1475 PICK A-02 NX-4471 25
1476 PICK C-03 NX-4471 16
1477 PICK A-02 NX-4471 19
1478 PICK B-07 NX-4471 18
1479 PICK A-01 NX-4472 14
1481 PICK A-01 NX-4473 41
1482 PICK A-01 NX-4473 39
1485 RECEIVE A-01 NX-4472 5
1488 RECEIVE B-07 NX-4471 13
1489 VOID 1490
1490 PICK A-01 NX-4471 30
1491 PICK A-01 NX-4473 29
1492 PICK B-07 NX-4471 23
1493 TRANSFER A-01 C-03 NX-4473 5
1495 TRANSFER C-03 B-07 NX-4471 14
1496 PICK B-07 NX-4471 10
1497 RECEIVE B-07 NX-4471 24
1498 RECEIVE B-07 NX-4471 5
1500 PICK A-02 NX-4471 2
1502 PICK A-01 NX-4473 18
1503 RECEIVE A-02 NX-4471 36
1505 PICK C-03 NX-4473 7
1506 RECEIVE A-01 NX-4473 29
1507 PICK B-07 NX-4471 5
1508 TRANSFER C-03 A-02 NX-4471 10
1511 RECEIVE B-07 NX-4471 6
1512 PICK A-02 NX-4473 25
1515 RECEIVE A-02 NX-4471 29
1518 PICK C-03 NX-4472 14
1520 PICK A-01 NX-4471 25
1523 PICK A-01 NX-4473 11
1524 PICK A-02 NX-4471 35
1525 RECEIVE C-03 NX-4472 25
1526 PICK A-01 NX-4472 27
1529 PICK A-02 NX-4473 36
1530 TRANSFER B-07 A-02 NX-4471 23
1533 RECEIVE B-07 NX-4473 56
1536 PICK A-02 NX-4471 29
1539 RECEIVE A-01 NX-4471 31
1542 RECEIVE B-07 NX-4471 15
1543 RECEIVE B-07 NX-4472 38
1544 TRANSFER A-01 A-02 NX-4471 9
1547 RECEIVE A-01 NX-4472 30
1550 TRANSFER B-07 C-03 NX-4473 21
1551 RECEIVE A-01 NX-4471 23
1553 PICK A-02 NX-4471 5
1554 RECEIVE A-01 NX-4471 8
1555 TRANSFER A-01 B-07 NX-4471 4
1556 RECEIVE A-02 NX-4471 42
1558 PICK C-03 NX-4471 18
1559 PICK C-03 NX-4473 35
1560 RECEIVE A-01 NX-4471 41
1561 RECEIVE A-02 NX-4472 26
1563 PICK A-01 NX-4471 27
1564 RECEIVE A-02 NX-4471 45
1566 PICK B-07 NX-4471 3
1567 RECEIVE C-03 NX-4473 24
1569 TRANSFER C-03 A-02 NX-4471 14
1572 PICK A-01 NX-4471 6
1573 RECEIVE B-07 NX-4473 39
1574 TRANSFER A-01 A-02 NX-4471 22
1575 RECEIVE C-03 NX-4473 22
1576 TRANSFER A-01 A-02 NX-4471 16
1578 RECEIVE A-01 NX-4471 37
1581 RECEIVE A-02 NX-4471 22
1584 RECEIVE B-07 NX-4471 18
1586 RECEIVE A-02 NX-4471 8
1587 RECEIVE A-01 NX-4471 12
1590 RECEIVE C-03 NX-4473 7
1591 RECEIVE A-02 NX-4472 37
1592 RECEIVE A-01 NX-4473 13
1593 RECEIVE A-02 NX-4471 52
1594 PICK A-02 NX-4471 34
1597 PICK B-07 NX-4471 10
1598 RECEIVE B-07 NX-4471 26
1599 RECEIVE A-01 NX-4472 47
1602 RECEIVE B-07 NX-4471 32
1603 PICK A-02 NX-4471 36
1604 PICK B-07 NX-4471 30
1607 PICK A-02 NX-4473 11
1608 RECOUNT B-07 NX-4471 0
1609 RECOUNT C-03 NX-4471 2
1611 TRANSFER A-01 B-07 NX-4472 20
1612 RECOUNT B-07 NX-4471 72
1613 RECEIVE A-01 NX-4473 56
1614 RECEIVE B-07 NX-4471 15
1615 RECOUNT A-02 NX-4473 6
1616 RECEIVE C-03 NX-4472 40
1618 TRANSFER B-07 C-03 NX-4471 9
1619 TRANSFER A-02 C-03 NX-4471 17
1621 TRANSFER A-02 C-03 NX-4471 22
1622 PICK A-02 NX-4471 30
1624 RECOUNT C-03 NX-4471 71
1625 PICK A-01 NX-4472 27
1626 TRANSFER B-07 A-02 NX-4471 21
1629 RECEIVE B-07 NX-4471 59
1630 RECEIVE A-02 NX-4471 54
1631 RECEIVE A-01 NX-4472 20
1634 TRANSFER B-07 A-01 NX-4471 2
1636 PICK B-07 NX-4472 40
1637 RECEIVE A-02 NX-4471 38
1640 PICK B-07 NX-4472 24
1642 RECEIVE A-01 NX-4471 51
1643 PICK B-07 NX-4473 20
1646 RECEIVE A-02 NX-4471 58
1647 TRANSFER C-03 B-07 NX-4471 17
1649 PICK A-02 NX-4471 31
1650 TRANSFER A-02 C-03 NX-4473 24
1653 TRANSFER C-03 A-02 NX-4472 20
1654 TRANSFER A-02 B-07 NX-4473 5
1655 RECEIVE B-07 NX-4471 26
1656 RECEIVE A-01 NX-4472 57
1659 TRANSFER C-03 B-07 NX-4472 6
1660 TRANSFER B-07 A-02 NX-4471 9
1663 RECEIVE B-07 NX-4471 16
1665 PICK A-01 NX-4473 23
1667 RECEIVE A-01 NX-4471 25
1668 PICK A-02 NX-4471 25
1669 RECEIVE B-07 NX-4472 12
1670 RECEIVE C-03 NX-4472 38
1673 PICK B-07 NX-4472 39
1674 PICK A-01 NX-4471 21
1676 PICK A-01 NX-4471 13
1679 TRANSFER C-03 A-01 NX-4471 11
1680 RECOUNT A-02 NX-4471 35
1681 PICK A-01 NX-4471 6
1682 PICK A-02 NX-4473 15
1684 TRANSFER B-07 A-01 NX-4472 4
1685 PICK B-07 NX-4471 25
1686 RECOUNT B-07 NX-4472 56
1689 PICK A-02 NX-4471 15
1690 PICK B-07 NX-4473 22
1691 RECEIVE C-03 NX-4472 20
1692 RECEIVE A-01 NX-4471 36
1693 RECOUNT A-02 NX-4471 78
1694 RECEIVE A-02 NX-4471 18
1696 TRANSFER A-02 B-07 NX-4471 4
1699 TRANSFER A-01 A-02 NX-4473 3
1700 TRANSFER B-07 A-02 NX-4471 4
1701 RECEIVE A-02 NX-4473 18
1704 RECEIVE A-02 NX-4471 28
1705 RECEIVE C-03 NX-4471 19
1708 RECEIVE A-01 NX-4473 21
1711 PICK B-07 NX-4473 35
1713 PICK A-02 NX-4473 28
1714 RECEIVE A-02 NX-4472 36
1715 TRANSFER B-07 C-03 NX-4471 24
1716 PICK A-02 NX-4471 13
1717 RECEIVE C-03 NX-4472 25
1719 RECEIVE B-07 NX-4471 49
1721 RECEIVE C-03 NX-4471 39
1722 PICK A-02 NX-4471 7
1723 RECEIVE A-02 NX-4471 17
1724 RECEIVE B-07 NX-4471 59
1725 PICK B-07 NX-4473 24
1726 TRANSFER B-07 A-02 NX-4471 3
1727 PICK C-03 NX-4471 24
1728 PICK C-03 NX-4472 36
1730 PICK A-01 NX-4471 34
1733 TRANSFER B-07 A-02 NX-4471 3
1735 RECEIVE C-03 NX-4472 58
1736 RECEIVE B-07 NX-4471 58
1738 RECEIVE A-01 NX-4473 51
1739 RECEIVE B-07 NX-4471 32
1740 RECEIVE C-03 NX-4471 5
1741 RECEIVE C-03 NX-4473 54
1743 RECEIVE C-03 NX-4471 29
1744 PICK A-01 NX-4471 19
1746 TRANSFER C-03 A-01 NX-4471 14
1747 PICK A-02 NX-4471 10
1750 RECEIVE A-02 NX-4471 47
1751 PICK A-01 NX-4471 19
1754 RECEIVE B-07 NX-4471 45
1757 PICK A-02 NX-4471 3
1758 TRANSFER A-02 A-01 NX-4473 23
1761 RECEIVE A-02 NX-4471 26
1762 RECEIVE A-01 NX-4471 35
1765 TRANSFER B-07 A-02 NX-4473 11
1766 RECEIVE A-02 NX-4471 29
1768 PICK B-07 NX-4471 25
1771 TRANSFER A-01 B-07 NX-4471 18
1772 RECOUNT A-02 NX-4473 74
1773 TRANSFER A-01 B-07 NX-4472 3
1775 TRANSFER B-07 A-02 NX-4471 4
1776 RECEIVE B-07 NX-4471 44
1779 RECEIVE A-02 NX-4471 29
1780 PICK C-03 NX-4473 26
1781 RECOUNT A-01 NX-4472 54
1783 PICK A-02 NX-4471 24
1786 RECEIVE A-02 NX-4473 41
1789 PICK A-02 NX-4473 36
1790 PICK B-07 NX-4471 18
1792 PICK B-07 NX-4471 42
1793 RECEIVE C-03 NX-4471 26
1794 PICK B-07 NX-4471 12
1795 RECEIVE B-07 NX-4471 48
1797 PICK A-01 NX-4471 22
1798 TRANSFER B-07 A-01 NX-4472 8
1799 PICK B-07 NX-4471 13
1802 PICK B-07 NX-4473 25
1803 PICK B-07 NX-4473 36
1804 RECEIVE A-01 NX-4471 5
1805 RECEIVE A-01 NX-4471 16
1806 RECEIVE A-01 NX-4473 40
1807 RECEIVE B-07 NX-4471 5
1809 RECEIVE A-02 NX-4471 15
1812 RECEIVE B-07 NX-4472 13
1813 RECEIVE B-07 NX-4471 27
1815 RECEIVE B-07 NX-4472 25
1816 PICK A-02 NX-4471 43
1817 TRANSFER B-07 A-02 NX-4471 13
1818 RECOUNT A-01 NX-4471 82
1820 PICK A-01 NX-4471 9
1822 PICK A-01 NX-4471 20
1823 RECOUNT A-02 NX-4471 88
1824 RECEIVE C-03 NX-4472 48
1826 RECEIVE B-07 NX-4473 19
1828 PICK A-02 NX-4471 42
1831 RECEIVE A-01 NX-4471 32
1832 RECEIVE B-07 NX-4472 50
1835 TRANSFER C-03 A-01 NX-4472 16
1836 RECOUNT C-03 NX-4473 119
1837 PICK A-01 NX-4471 44
1838 TRANSFER A-01 A-02 NX-4471 14
1841 TRANSFER B-07 C-03 NX-4471 4
1842 RECEIVE A-02 NX-4471 20
1843 TRANSFER B-07 A-02 NX-4471 10
1846 RECEIVE B-07 NX-4473 41
1848 PICK A-02 NX-4471 31
1850 TRANSFER A-01 C-03 NX-4471 7
1851 RECEIVE A-02 NX-4471 5
1853 TRANSFER B-07 C-03 NX-4473 9
1854 PICK A-01 NX-4471 29
1855 RECEIVE B-07 NX-4473 35
1856 RECOUNT C-03 NX-4472 10
1857 RECEIVE A-01 NX-4473 47
1858 PICK C-03 NX-4472 2
1861 PICK B-07 NX-4472 32
1863 PICK C-03 NX-4471 29
1866 TRANSFER C-03 B-07 NX-4471 13
1867 RECEIVE A-01 NX-4472 47
1868 RECEIVE A-02 NX-4472 59
1869 TRANSFER A-02 B-07 NX-4473 16
1870 RECOUNT B-07 NX-4471 35
1872 RECEIVE A-01 NX-4473 24
1873 RECEIVE B-07 NX-4473 7
1874 RECEIVE C-03 NX-4471 38
1875 RECEIVE C-03 NX-4472 57
1876 PICK B-07 NX-4471 4
1877 PICK A-02 NX-4472 36
1878 PICK A-01 NX-4471 9
1879 RECEIVE B-07 NX-4472 58
1881 RECEIVE A-01 NX-4471 52
1884 TRANSFER A-01 B-07 NX-4471 6
1885 RECEIVE A-02 NX-4471 47
1886 RECEIVE A-01 NX-4473 31
1888 PICK B-07 NX-4471 42
1889 TRANSFER B-07 A-01 NX-4472 13
1890 PICK B-07 NX-4471 4
1891 RECEIVE A-02 NX-4471 22
1892 VOID 1007
1894 VOID 1007
1895 VOID 1040
1896 VOID 999999
1898 VOID 1001
1899 PICK B-07 NX-4471 182
1901 VOID 1004
1904 RECOUNT A-02 NX-4471 20
1907 VOID 1490
1908 RECEIVE A-01 NX-4471 31
